Warning: You are sending unauthenticated requests to the HF Hub. Please set a HF_TOKEN to enable higher rate limits and faster downloads.

Loading weights:   0%|          | 0/610 [00:00<?, ?it/s]
Loading weights:  78%|███████▊  | 474/610 [00:00<00:00, 4732.15it/s]
Loading weights: 100%|██████████| 610/610 [00:00<00:00, 4774.46it/s]
[owlv2-large] loaded, VRAM 1.75 GB, 869 images, groups ['A', 'C2', 'D']
  25/869  122s  eta 4108s
  50/869  244s  eta 4002s
  75/869  368s  eta 3896s
  100/869  493s  eta 3792s
  125/869  618s  eta 3678s
  150/869  741s  eta 3554s
  175/869  864s  eta 3425s
  200/869  985s  eta 3296s
  225/869  1105s  eta 3163s
  250/869  1225s  eta 3033s
  275/869  1347s  eta 2910s
  300/869  1472s  eta 2791s
  325/869  1595s  eta 2670s
  350/869  1718s  eta 2548s
  375/869  1840s  eta 2423s
  400/869  1962s  eta 2300s
  425/869  2082s  eta 2176s
  450/869  2206s  eta 2054s
  475/869  2326s  eta 1930s
  500/869  2448s  eta 1806s
  525/869  2572s  eta 1685s
  550/869  2695s  eta 1563s
  575/869  2820s  eta 1442s
  600/869  2943s  eta 1320s
  625/869  3066s  eta 1197s
  650/869  3188s  eta 1074s
  675/869  3310s  eta 951s
  700/869  3435s  eta 829s
  725/869  3560s  eta 707s
  750/869  3685s  eta 585s
  775/869  3809s  eta 462s
  800/869  3933s  eta 339s
  825/869  4058s  eta 216s
  850/869  4191s  eta 94s
  869/869  4303s  eta 0s
wrote 7 prompt files to <GIAMIA_ROOT>/ov/work_dirs/preds/owlv2-large_neg  (4305.3s)
